Archive member included to satisfy reference by file (symbol)

c:/devkitpro/devkitarm/bin/../lib/gcc/arm-none-eabi/7.1.0/thumb\libgcc.a(_divsi3.o)
                              angulos.o (__aeabi_idivmod)
c:/devkitpro/devkitarm/bin/../lib/gcc/arm-none-eabi/7.1.0/thumb\libgcc.a(_dvmd_tls.o)
                              c:/devkitpro/devkitarm/bin/../lib/gcc/arm-none-eabi/7.1.0/thumb\libgcc.a(_divsi3.o) (__aeabi_idiv0)
c:/devkitpro/devkitarm/bin/../lib/gcc/arm-none-eabi/7.1.0/thumb\libgcc.a(_arm_addsubdf3.o)
                              angulos.o (__aeabi_dsub)
c:/devkitpro/devkitarm/bin/../lib/gcc/arm-none-eabi/7.1.0/thumb\libgcc.a(_arm_muldivdf3.o)
                              angulos.o (__aeabi_dmul)
c:/devkitpro/devkitarm/bin/../lib/gcc/arm-none-eabi/7.1.0/thumb\libgcc.a(_arm_fixdfsi.o)
                              angulos.o (__aeabi_d2iz)
c:/devkitpro/devkitarm/bin/../lib/gcc/arm-none-eabi/7.1.0/thumb\libgcc.a(_arm_truncdfsf2.o)
                              angulos.o (__aeabi_d2f)
c:/devkitpro/devkitarm/bin/../lib/gcc/arm-none-eabi/7.1.0/thumb\libgcc.a(_arm_addsubsf3.o)
                              angulos.o (__aeabi_fsub)
c:/devkitpro/devkitarm/bin/../lib/gcc/arm-none-eabi/7.1.0/thumb\libgcc.a(_arm_muldivsf3.o)
                              angulos.o (__aeabi_fmul)
c:/devkitpro/devkitarm/bin/../lib/gcc/arm-none-eabi/7.1.0/thumb\libgcc.a(_arm_cmpsf2.o)
                              angulos.o (__aeabi_fcmplt)
c:/devkitpro/devkitarm/bin/../lib/gcc/arm-none-eabi/7.1.0/thumb\libgcc.a(_arm_fixsfsi.o)
                              angulos.o (__aeabi_f2iz)
c:/devkitpro/devkitarm/bin/../lib/gcc/arm-none-eabi/7.1.0/../../../../arm-none-eabi/lib/thumb\libg.a(lib_a-init.o)
                              c:/devkitpro/devkitarm/bin/../lib/gcc/arm-none-eabi/7.1.0/../../../../arm-none-eabi/lib/thumb/gba_crt0.o (__libc_init_array)
c:/devkitpro/devkitarm/bin/../lib/gcc/arm-none-eabi/7.1.0/../../../../arm-none-eabi/lib/thumb\libsysbase.a(malloc_vars.o)
                              c:/devkitpro/devkitarm/bin/../lib/gcc/arm-none-eabi/7.1.0/../../../../arm-none-eabi/lib/thumb/gba_crt0.o (fake_heap_end)

Allocating common symbols
Common symbol       size              file

x                   0x4               angulos.o
puntos              0x6000            angulos.o
orden               0x1000            angulos.o
z                   0x4               angulos.o
y                   0x4               angulos.o
color               0x2               angulos.o

Discarded input sections

 .text          0x00000000        0x0 c:/devkitpro/devkitarm/bin/../lib/gcc/arm-none-eabi/7.1.0/../../../../arm-none-eabi/lib/thumb/gba_crt0.o
 .data          0x00000000        0x0 c:/devkitpro/devkitarm/bin/../lib/gcc/arm-none-eabi/7.1.0/../../../../arm-none-eabi/lib/thumb/gba_crt0.o
 .bss           0x00000000        0x0 c:/devkitpro/devkitarm/bin/../lib/gcc/arm-none-eabi/7.1.0/../../../../arm-none-eabi/lib/thumb/gba_crt0.o
 .text          0x00000000        0x0 c:/devkitpro/devkitarm/bin/../lib/gcc/arm-none-eabi/7.1.0/thumb/crti.o
 .data          0x00000000        0x0 c:/devkitpro/devkitarm/bin/../lib/gcc/arm-none-eabi/7.1.0/thumb/crti.o
 .bss           0x00000000        0x0 c:/devkitpro/devkitarm/bin/../lib/gcc/arm-none-eabi/7.1.0/thumb/crti.o
 .text          0x00000000        0x0 c:/devkitpro/devkitarm/bin/../lib/gcc/arm-none-eabi/7.1.0/thumb/crtbegin.o
 .data          0x00000000        0x0 c:/devkitpro/devkitarm/bin/../lib/gcc/arm-none-eabi/7.1.0/thumb/crtbegin.o
 .bss           0x00000000        0x0 c:/devkitpro/devkitarm/bin/../lib/gcc/arm-none-eabi/7.1.0/thumb/crtbegin.o
 .data.__dso_handle
                0x00000000        0x4 c:/devkitpro/devkitarm/bin/../lib/gcc/arm-none-eabi/7.1.0/thumb/crtbegin.o
 .bss           0x00000000        0x0 angulos.o
 .data          0x00000000        0x0 c:/devkitpro/devkitarm/bin/../lib/gcc/arm-none-eabi/7.1.0/thumb\libgcc.a(_divsi3.o)
 .bss           0x00000000        0x0 c:/devkitpro/devkitarm/bin/../lib/gcc/arm-none-eabi/7.1.0/thumb\libgcc.a(_divsi3.o)
 .data          0x00000000        0x0 c:/devkitpro/devkitarm/bin/../lib/gcc/arm-none-eabi/7.1.0/thumb\libgcc.a(_dvmd_tls.o)
 .bss           0x00000000        0x0 c:/devkitpro/devkitarm/bin/../lib/gcc/arm-none-eabi/7.1.0/thumb\libgcc.a(_dvmd_tls.o)
 .data          0x00000000        0x0 c:/devkitpro/devkitarm/bin/../lib/gcc/arm-none-eabi/7.1.0/thumb\libgcc.a(_arm_addsubdf3.o)
 .bss           0x00000000        0x0 c:/devkitpro/devkitarm/bin/../lib/gcc/arm-none-eabi/7.1.0/thumb\libgcc.a(_arm_addsubdf3.o)
 .data          0x00000000        0x0 c:/devkitpro/devkitarm/bin/../lib/gcc/arm-none-eabi/7.1.0/thumb\libgcc.a(_arm_muldivdf3.o)
 .bss           0x00000000        0x0 c:/devkitpro/devkitarm/bin/../lib/gcc/arm-none-eabi/7.1.0/thumb\libgcc.a(_arm_muldivdf3.o)
 .data          0x00000000        0x0 c:/devkitpro/devkitarm/bin/../lib/gcc/arm-none-eabi/7.1.0/thumb\libgcc.a(_arm_fixdfsi.o)
 .bss           0x00000000        0x0 c:/devkitpro/devkitarm/bin/../lib/gcc/arm-none-eabi/7.1.0/thumb\libgcc.a(_arm_fixdfsi.o)
 .data          0x00000000        0x0 c:/devkitpro/devkitarm/bin/../lib/gcc/arm-none-eabi/7.1.0/thumb\libgcc.a(_arm_truncdfsf2.o)
 .bss           0x00000000        0x0 c:/devkitpro/devkitarm/bin/../lib/gcc/arm-none-eabi/7.1.0/thumb\libgcc.a(_arm_truncdfsf2.o)
 .data          0x00000000        0x0 c:/devkitpro/devkitarm/bin/../lib/gcc/arm-none-eabi/7.1.0/thumb\libgcc.a(_arm_addsubsf3.o)
 .bss           0x00000000        0x0 c:/devkitpro/devkitarm/bin/../lib/gcc/arm-none-eabi/7.1.0/thumb\libgcc.a(_arm_addsubsf3.o)
 .data          0x00000000        0x0 c:/devkitpro/devkitarm/bin/../lib/gcc/arm-none-eabi/7.1.0/thumb\libgcc.a(_arm_muldivsf3.o)
 .bss           0x00000000        0x0 c:/devkitpro/devkitarm/bin/../lib/gcc/arm-none-eabi/7.1.0/thumb\libgcc.a(_arm_muldivsf3.o)
 .data          0x00000000        0x0 c:/devkitpro/devkitarm/bin/../lib/gcc/arm-none-eabi/7.1.0/thumb\libgcc.a(_arm_cmpsf2.o)
 .bss           0x00000000        0x0 c:/devkitpro/devkitarm/bin/../lib/gcc/arm-none-eabi/7.1.0/thumb\libgcc.a(_arm_cmpsf2.o)
 .data          0x00000000        0x0 c:/devkitpro/devkitarm/bin/../lib/gcc/arm-none-eabi/7.1.0/thumb\libgcc.a(_arm_fixsfsi.o)
 .bss           0x00000000        0x0 c:/devkitpro/devkitarm/bin/../lib/gcc/arm-none-eabi/7.1.0/thumb\libgcc.a(_arm_fixsfsi.o)
 .text          0x00000000        0x0 c:/devkitpro/devkitarm/bin/../lib/gcc/arm-none-eabi/7.1.0/../../../../arm-none-eabi/lib/thumb\libg.a(lib_a-init.o)
 .data          0x00000000        0x0 c:/devkitpro/devkitarm/bin/../lib/gcc/arm-none-eabi/7.1.0/../../../../arm-none-eabi/lib/thumb\libg.a(lib_a-init.o)
 .bss           0x00000000        0x0 c:/devkitpro/devkitarm/bin/../lib/gcc/arm-none-eabi/7.1.0/../../../../arm-none-eabi/lib/thumb\libg.a(lib_a-init.o)
 .text          0x00000000        0x0 c:/devkitpro/devkitarm/bin/../lib/gcc/arm-none-eabi/7.1.0/../../../../arm-none-eabi/lib/thumb\libsysbase.a(malloc_vars.o)
 .data          0x00000000        0x0 c:/devkitpro/devkitarm/bin/../lib/gcc/arm-none-eabi/7.1.0/../../../../arm-none-eabi/lib/thumb\libsysbase.a(malloc_vars.o)
 .bss           0x00000000        0x0 c:/devkitpro/devkitarm/bin/../lib/gcc/arm-none-eabi/7.1.0/../../../../arm-none-eabi/lib/thumb\libsysbase.a(malloc_vars.o)
 .bss.fake_heap_start
                0x00000000        0x4 c:/devkitpro/devkitarm/bin/../lib/gcc/arm-none-eabi/7.1.0/../../../../arm-none-eabi/lib/thumb\libsysbase.a(malloc_vars.o)
 .text          0x00000000        0x0 c:/devkitpro/devkitarm/bin/../lib/gcc/arm-none-eabi/7.1.0/thumb/crtend.o
 .data          0x00000000        0x0 c:/devkitpro/devkitarm/bin/../lib/gcc/arm-none-eabi/7.1.0/thumb/crtend.o
 .bss           0x00000000        0x0 c:/devkitpro/devkitarm/bin/../lib/gcc/arm-none-eabi/7.1.0/thumb/crtend.o
 .text          0x00000000        0x0 c:/devkitpro/devkitarm/bin/../lib/gcc/arm-none-eabi/7.1.0/thumb/crtn.o
 .data          0x00000000        0x0 c:/devkitpro/devkitarm/bin/../lib/gcc/arm-none-eabi/7.1.0/thumb/crtn.o
 .bss           0x00000000        0x0 c:/devkitpro/devkitarm/bin/../lib/gcc/arm-none-eabi/7.1.0/thumb/crtn.o

Memory Configuration

Name             Origin             Length             Attributes
rom              0x08000000         0x02000000
iwram            0x03000000         0x00008000
ewram            0x02000000         0x00040000
*default*        0x00000000         0xffffffff

Linker script and memory map

                0x02000000                __text_start = ORIGIN (ewram)
                0x02040000                __eheap_end = (ORIGIN (ewram) + LENGTH (ewram))
                0x03000000                __iwram_start = ORIGIN (iwram)
                0x03008000                __iwram_top = (ORIGIN (iwram) + LENGTH (iwram))
                0x03007fa0                __sp_irq = (__iwram_top - 0x60)
                0x03007f00                __sp_usr = (__sp_irq - 0xa0)
                0x03007ff8                __irq_flags = 0x3007ff8
                0x02000000                . = __text_start
                0x02000000                . = __text_start

.crt0           0x02000000      0x210
 *(.crt0)
 .crt0          0x02000000      0x210 c:/devkitpro/devkitarm/bin/../lib/gcc/arm-none-eabi/7.1.0/../../../../arm-none-eabi/lib/thumb/gba_crt0.o
                0x02000000                _start
                0x020000c4                __boot_method
                0x020000c5                __slave_number
                0x020000e0                start_vector
                0x02000210                . = ALIGN (0x4)

.init           0x02000210        0xc
 *(SORT(.init))
 .init          0x02000210        0x4 c:/devkitpro/devkitarm/bin/../lib/gcc/arm-none-eabi/7.1.0/thumb/crti.o
                0x02000210                _init
 .init          0x02000214        0x8 c:/devkitpro/devkitarm/bin/../lib/gcc/arm-none-eabi/7.1.0/thumb/crtn.o

.plt            0x0200021c        0x0
 *(.plt)
                0x0200021c                . = ALIGN (0x4)

.text           0x0200021c     0x353c
 *(EXCLUDE_FILE(*.iwram*) .text)
 .text          0x0200021c     0x128c angulos.o
                0x0200021c                colorear_punto
                0x0200064c                seno
                0x020006bc                coseno
                0x02000730                inicializar
                0x02000754                traslacion
                0x02000774                proyectar
                0x020007c4                ordenamiento_rapido_recursivo
                0x02000cf8                ordenamiento_rapido
 .text          0x020014a8      0x150 c:/devkitpro/devkitarm/bin/../lib/gcc/arm-none-eabi/7.1.0/thumb\libgcc.a(_divsi3.o)
                0x020014a8                __divsi3
                0x020014a8                __aeabi_idiv
                0x020015d8                __aeabi_idivmod
 .text          0x020015f8        0x4 c:/devkitpro/devkitarm/bin/../lib/gcc/arm-none-eabi/7.1.0/thumb\libgcc.a(_dvmd_tls.o)
                0x020015f8                __aeabi_idiv0
                0x020015f8                __aeabi_ldiv0
 .text          0x020015fc      0x424 c:/devkitpro/devkitarm/bin/../lib/gcc/arm-none-eabi/7.1.0/thumb\libgcc.a(_arm_addsubdf3.o)
                0x020015fc                __aeabi_drsub
                0x02001604                __aeabi_dsub
                0x02001604                __subdf3
                0x02001608                __aeabi_dadd
                0x02001608                __adddf3
                0x02001918                __floatunsidf
                0x02001918                __aeabi_ui2d
                0x0200193c                __floatsidf
                0x0200193c                __aeabi_i2d
                0x02001964                __aeabi_f2d
                0x02001964                __extendsfdf2
                0x020019ac                __floatundidf
                0x020019ac                __aeabi_ul2d
                0x020019c0                __floatdidf
                0x020019c0                __aeabi_l2d
 .text          0x02001a20      0x49c c:/devkitpro/devkitarm/bin/../lib/gcc/arm-none-eabi/7.1.0/thumb\libgcc.a(_arm_muldivdf3.o)
                0x02001a20                __aeabi_dmul
                0x02001a20                __muldf3
                0x02001cb0                __divdf3
                0x02001cb0                __aeabi_ddiv
 .text          0x02001ebc       0x5c c:/devkitpro/devkitarm/bin/../lib/gcc/arm-none-eabi/7.1.0/thumb\libgcc.a(_arm_fixdfsi.o)
                0x02001ebc                __aeabi_d2iz
                0x02001ebc                __fixdfsi
 .text          0x02001f18       0xa0 c:/devkitpro/devkitarm/bin/../lib/gcc/arm-none-eabi/7.1.0/thumb\libgcc.a(_arm_truncdfsf2.o)
                0x02001f18                __truncdfsf2
                0x02001f18                __aeabi_d2f
 .text          0x02001fb8      0x2ac c:/devkitpro/devkitarm/bin/../lib/gcc/arm-none-eabi/7.1.0/thumb\libgcc.a(_arm_addsubsf3.o)
                0x02001fb8                __aeabi_frsub
                0x02001fc0                __subsf3
                0x02001fc0                __aeabi_fsub
                0x02001fc4                __aeabi_fadd
                0x02001fc4                __addsf3
                0x02002180                __aeabi_ui2f
                0x02002180                __floatunsisf
                0x02002188                __aeabi_i2f
                0x02002188                __floatsisf
                0x020021a8                __aeabi_ul2f
                0x020021a8                __floatundisf
                0x020021b8                __aeabi_l2f
                0x020021b8                __floatdisf
 .text          0x02002264      0x2f8 c:/devkitpro/devkitarm/bin/../lib/gcc/arm-none-eabi/7.1.0/thumb\libgcc.a(_arm_muldivsf3.o)
                0x02002264                __mulsf3
                0x02002264                __aeabi_fmul
                0x020023fc                __aeabi_fdiv
                0x020023fc                __divsf3
 .text          0x0200255c      0x114 c:/devkitpro/devkitarm/bin/../lib/gcc/arm-none-eabi/7.1.0/thumb\libgcc.a(_arm_cmpsf2.o)
                0x0200255c                __gesf2
                0x0200255c                __gtsf2
                0x02002564                __lesf2
                0x02002564                __ltsf2
                0x0200256c                __nesf2
                0x0200256c                __eqsf2
                0x0200256c                __cmpsf2
                0x020025d0                __aeabi_cfrcmple
                0x020025e0                __aeabi_cfcmpeq
                0x020025e0                __aeabi_cfcmple
                0x020025f8                __aeabi_fcmpeq
                0x02002610                __aeabi_fcmplt
                0x02002628                __aeabi_fcmple
                0x02002640                __aeabi_fcmpge
                0x02002658                __aeabi_fcmpgt
 .text          0x02002670       0x5c c:/devkitpro/devkitarm/bin/../lib/gcc/arm-none-eabi/7.1.0/thumb\libgcc.a(_arm_fixsfsi.o)
                0x02002670                __aeabi_f2iz
                0x02002670                __fixsfsi
 *(.text .stub .text.* .gnu.linkonce.t.*)
 .text.deregister_tm_clones
                0x020026cc       0x2c c:/devkitpro/devkitarm/bin/../lib/gcc/arm-none-eabi/7.1.0/thumb/crtbegin.o
 .text.register_tm_clones
                0x020026f8       0x34 c:/devkitpro/devkitarm/bin/../lib/gcc/arm-none-eabi/7.1.0/thumb/crtbegin.o
 .text.__do_global_dtors_aux
                0x0200272c       0x30 c:/devkitpro/devkitarm/bin/../lib/gcc/arm-none-eabi/7.1.0/thumb/crtbegin.o
 .text.frame_dummy
                0x0200275c       0x28 c:/devkitpro/devkitarm/bin/../lib/gcc/arm-none-eabi/7.1.0/thumb/crtbegin.o
 .text.startup  0x02002784      0xee8 angulos.o
                0x02002784                main
 .text.__libc_init_array
                0x0200366c       0x54 c:/devkitpro/devkitarm/bin/../lib/gcc/arm-none-eabi/7.1.0/../../../../arm-none-eabi/lib/thumb\libg.a(lib_a-init.o)
                0x0200366c                __libc_init_array
 .text.__libc_init_array.__stub
                0x020036c0       0x94 linker stubs
 *(.text.*personality*)
 *(.gnu.warning)
 *(.glue_7t)
 .glue_7t       0x02003758        0x0 linker stubs
 *(.glue_7)
 .glue_7        0x02003758        0x0 linker stubs
 *(.vfp11_veneer)
 .vfp11_veneer  0x02003758        0x0 linker stubs
                0x02003758                . = ALIGN (0x4)
                0x02003758                __text_end = .

.v4_bx          0x02003758        0x0
 .v4_bx         0x02003758        0x0 linker stubs

.iplt           0x02003758        0x0
 .iplt          0x02003758        0x0 c:/devkitpro/devkitarm/bin/../lib/gcc/arm-none-eabi/7.1.0/../../../../arm-none-eabi/lib/thumb/gba_crt0.o

.fini           0x02003758        0xc
 *(.fini)
 .fini          0x02003758        0x4 c:/devkitpro/devkitarm/bin/../lib/gcc/arm-none-eabi/7.1.0/thumb/crti.o
                0x02003758                _fini
 .fini          0x0200375c        0x8 c:/devkitpro/devkitarm/bin/../lib/gcc/arm-none-eabi/7.1.0/thumb/crtn.o
                0x02003764                . = ALIGN (0x4)

.rodata         0x02003764     0x12d8
 *(.rodata)
 .rodata        0x02003764     0x12d8 angulos.o
                0x02003764                semicirculo
                0x020038d0                textura_tierra
                0x020048d0                valores_seno
 *all.rodata*(*)
 *(.roda)
 *(.rodata.*)
 *(.gnu.linkonce.r*)
                0x02004a3c                . = ALIGN (0x4)

.ARM.extab
 *(.ARM.extab* .gnu.linkonce.armextab.*)
                0x02004a3c                __exidx_start = .

.ARM.exidx
 *(.ARM.exidx* .gnu.linkonce.armexidx.*)
                0x02004a3c                __exidx_end = .
                0x02004a3c                . = ALIGN (0x4)
                0x02004a3c                PROVIDE (__preinit_array_start, .)

.preinit_array
 *(.preinit_array)
                0x02004a3c                PROVIDE (__preinit_array_end, .)
                0x02004a3c                PROVIDE (__init_array_start, .)

.init_array     0x02004a3c        0x4
 *(.init_array)
 .init_array    0x02004a3c        0x4 c:/devkitpro/devkitarm/bin/../lib/gcc/arm-none-eabi/7.1.0/thumb/crtbegin.o
                0x02004a40                PROVIDE (__init_array_end, .)
                [!provide]                PROVIDE (__fini_array_start, .)

.fini_array     0x02004a40        0x4
 *(.fini_array)
 .fini_array    0x02004a40        0x4 c:/devkitpro/devkitarm/bin/../lib/gcc/arm-none-eabi/7.1.0/thumb/crtbegin.o
                [!provide]                PROVIDE (__fini_array_end, .)

.ctors          0x02004a44        0x0
 *crtbegin.o(.ctors)
 *(EXCLUDE_FILE(*crtend.o) .ctors)
 *(SORT(.ctors.*))
 *(.ctors)
                0x02004a44                . = ALIGN (0x4)

.dtors          0x02004a44        0x0
 *crtbegin.o(.dtors)
 *(EXCLUDE_FILE(*crtend.o) .dtors)
 *(SORT(.dtors.*))
 *(.dtors)
                0x02004a44                . = ALIGN (0x4)

.jcr
 *(.jcr)

.eh_frame       0x02004a44        0x4
 *(.eh_frame)
 .eh_frame      0x02004a44        0x0 c:/devkitpro/devkitarm/bin/../lib/gcc/arm-none-eabi/7.1.0/thumb/crtbegin.o
 .eh_frame      0x02004a44        0x4 c:/devkitpro/devkitarm/bin/../lib/gcc/arm-none-eabi/7.1.0/thumb/crtend.o
                0x02004a48                . = ALIGN (0x4)

.rel.dyn        0x02004a48        0x0
 .rel.iplt      0x02004a48        0x0 c:/devkitpro/devkitarm/bin/../lib/gcc/arm-none-eabi/7.1.0/../../../../arm-none-eabi/lib/thumb/gba_crt0.o

.gcc_except_table
                0x02004a48        0x0
 *(.gcc_except_table)
                0x02004a48                . = ALIGN (0x4)
                0x02004a48                __iwram_lma = .

.iwram          0x03000000        0x0 load address 0x02004a48
                0x03000000                __iwram_start__ = ABSOLUTE (.)
 *(.iwram)
 *iwram.*(.text)
                0x03000000                . = ALIGN (0x4)
                0x03000000                __iwram_end__ = ABSOLUTE (.)
                0x02004a48                __data_lma = (__iwram_lma + SIZEOF (.iwram))

.bss            0x03000000     0x7030
                0x03000000                __bss_start__ = ABSOLUTE (.)
 *(.dynbss)
 *(.gnu.linkonce.b*)
 *(.bss*)
 .bss.completed.6484
                0x03000000        0x1 c:/devkitpro/devkitarm/bin/../lib/gcc/arm-none-eabi/7.1.0/thumb/crtbegin.o
 *fill*         0x03000001        0x3 
 .bss.object.6489
                0x03000004       0x18 c:/devkitpro/devkitarm/bin/../lib/gcc/arm-none-eabi/7.1.0/thumb/crtbegin.o
 .bss.fake_heap_end
                0x0300001c        0x4 c:/devkitpro/devkitarm/bin/../lib/gcc/arm-none-eabi/7.1.0/../../../../arm-none-eabi/lib/thumb\libsysbase.a(malloc_vars.o)
                0x0300001c                fake_heap_end
 *(COMMON)
 COMMON         0x03000020     0x700e angulos.o
                0x03000020                x
                0x03000024                puntos
                0x03006024                orden
                0x03007024                z
                0x03007028                y
                0x0300702c                color
                0x03007030                . = ALIGN (0x4)
 *fill*         0x0300702e        0x2 
                0x03007030                __bss_end__ = ABSOLUTE (.)

.data           0x03007030        0x8 load address 0x02004a48
                0x03007030                __data_start__ = ABSOLUTE (.)
 *(.data)
 .data          0x03007030        0x8 angulos.o
                0x03007030                cz
                0x03007034                ez
 *(.data.*)
 *(.gnu.linkonce.d*)
                0x03007038                . = ALIGN (0x4)
                0x03007038                __data_end__ = ABSOLUTE (.)
                0x02004a50                __iwram_overlay_lma = (__data_lma + SIZEOF (.data))
                [!provide]                PROVIDE (edata, .)
                0x03007038                __iwram_overlay_start = .

.igot.plt       0x03007038        0x0 load address 0x02004a50
 .igot.plt      0x03007038        0x0 c:/devkitpro/devkitarm/bin/../lib/gcc/arm-none-eabi/7.1.0/../../../../arm-none-eabi/lib/thumb/gba_crt0.o

.tm_clone_table
                0x03007038        0x0 load address 0x02004a50
 .tm_clone_table
                0x03007038        0x0 c:/devkitpro/devkitarm/bin/../lib/gcc/arm-none-eabi/7.1.0/thumb/crtbegin.o
 .tm_clone_table
                0x03007038        0x0 c:/devkitpro/devkitarm/bin/../lib/gcc/arm-none-eabi/7.1.0/thumb/crtend.o

.iwram0         0x03007038        0x0 load address 0x02004a50
 *(.iwram0)
                0x03007038                . = ALIGN (0x4)
                0x02004a50                PROVIDE (__load_start_iwram0, LOADADDR (.iwram0))
                0x02004a50                PROVIDE (__load_stop_iwram0, (LOADADDR (.iwram0) + SIZEOF (.iwram0)))

.iwram1         0x03007038        0x0
 *(.iwram1)
                0x03007038                . = ALIGN (0x4)
                [!provide]                PROVIDE (__load_start_iwram1, LOADADDR (.iwram1))
                [!provide]                PROVIDE (__load_stop_iwram1, (LOADADDR (.iwram1) + SIZEOF (.iwram1)))

.iwram2         0x03007038        0x0
 *(.iwram2)
                0x03007038                . = ALIGN (0x4)
                [!provide]                PROVIDE (__load_start_iwram2, LOADADDR (.iwram2))
                [!provide]                PROVIDE (__load_stop_iwram2, (LOADADDR (.iwram2) + SIZEOF (.iwram2)))

.iwram3         0x03007038        0x0
 *(.iwram3)
                0x03007038                . = ALIGN (0x4)
                [!provide]                PROVIDE (__load_start_iwram3, LOADADDR (.iwram3))
                [!provide]                PROVIDE (__load_stop_iwram3, (LOADADDR (.iwram3) + SIZEOF (.iwram3)))

.iwram4         0x03007038        0x0
 *(.iwram4)
                0x03007038                . = ALIGN (0x4)
                [!provide]                PROVIDE (__load_start_iwram4, LOADADDR (.iwram4))
                [!provide]                PROVIDE (__load_stop_iwram4, (LOADADDR (.iwram4) + SIZEOF (.iwram4)))

.iwram5         0x03007038        0x0
 *(.iwram5)
                0x03007038                . = ALIGN (0x4)
                [!provide]                PROVIDE (__load_start_iwram5, LOADADDR (.iwram5))
                [!provide]                PROVIDE (__load_stop_iwram5, (LOADADDR (.iwram5) + SIZEOF (.iwram5)))

.iwram6         0x03007038        0x0
 *(.iwram6)
                0x03007038                . = ALIGN (0x4)
                [!provide]                PROVIDE (__load_start_iwram6, LOADADDR (.iwram6))
                [!provide]                PROVIDE (__load_stop_iwram6, (LOADADDR (.iwram6) + SIZEOF (.iwram6)))

.iwram7         0x03007038        0x0
 *(.iwram7)
                0x03007038                . = ALIGN (0x4)
                [!provide]                PROVIDE (__load_start_iwram7, LOADADDR (.iwram7))
                [!provide]                PROVIDE (__load_stop_iwram7, (LOADADDR (.iwram7) + SIZEOF (.iwram7)))

.iwram8         0x03007038        0x0
 *(.iwram8)
                0x03007038                . = ALIGN (0x4)
                [!provide]                PROVIDE (__load_start_iwram8, LOADADDR (.iwram8))
                [!provide]                PROVIDE (__load_stop_iwram8, (LOADADDR (.iwram8) + SIZEOF (.iwram8)))

.iwram9         0x03007038        0x0
 *(.iwram9)
                0x03007038                . = ALIGN (0x4)
                [!provide]                PROVIDE (__load_start_iwram9, LOADADDR (.iwram9))
                [!provide]                PROVIDE (__load_stop_iwram9, (LOADADDR (.iwram9) + SIZEOF (.iwram9)))
                0x02004a50                __ewram_lma = ((((((((((LOADADDR (.iwram0) + SIZEOF (.iwram0)) + SIZEOF (.iwram1)) + SIZEOF (.iwram2)) + SIZEOF (.iwram3)) + SIZEOF (.iwram4)) + SIZEOF (.iwram5)) + SIZEOF (.iwram6)) + SIZEOF (.iwram7)) + SIZEOF (.iwram8)) + SIZEOF (.iwram9))
                0x02004a50                __iwram_overlay_end = __ewram_lma
                0x02004a50                __ewram_start = __ewram_lma

.ewram          0x02004a50        0x0
 *(.ewram)
                0x02004a50                . = ALIGN (0x4)
                0x02004a50                __ewram_end = ABSOLUTE (.)
                0x02004a50                __ewram_overlay_lma = (__ewram_lma + SIZEOF (.ewram))

.sbss           0x02004a50        0x0
                0x02004a50                __sbss_start__ = ABSOLUTE (.)
 *(.sbss)
                0x02004a50                . = ALIGN (0x4)
                0x02004a50                __sbss_end__ = ABSOLUTE (.)
                0x02004a50                __end__ = ABSOLUTE (.)
                0x02004a50                __eheap_start = ABSOLUTE (.)

.ewram0         0x02004a50        0x0
 *(.ewram0)
                0x02004a50                . = ALIGN (0x4)
                [!provide]                PROVIDE (__load_start_ewram0, LOADADDR (.ewram0))
                [!provide]                PROVIDE (__load_stop_ewram0, (LOADADDR (.ewram0) + SIZEOF (.ewram0)))

.ewram1         0x02004a50        0x0
 *(.ewram1)
                0x02004a50                . = ALIGN (0x4)
                [!provide]                PROVIDE (__load_start_ewram1, LOADADDR (.ewram1))
                [!provide]                PROVIDE (__load_stop_ewram1, (LOADADDR (.ewram1) + SIZEOF (.ewram1)))

.ewram2         0x02004a50        0x0
 *(.ewram2)
                0x02004a50                . = ALIGN (0x4)
                [!provide]                PROVIDE (__load_start_ewram2, LOADADDR (.ewram2))
                [!provide]                PROVIDE (__load_stop_ewram2, (LOADADDR (.ewram2) + SIZEOF (.ewram2)))

.ewram3         0x02004a50        0x0
 *(.ewram3)
                0x02004a50                . = ALIGN (0x4)
                [!provide]                PROVIDE (__load_start_ewram3, LOADADDR (.ewram3))
                [!provide]                PROVIDE (__load_stop_ewram3, (LOADADDR (.ewram3) + SIZEOF (.ewram3)))

.ewram4         0x02004a50        0x0
 *(.ewram4)
                0x02004a50                . = ALIGN (0x4)
                [!provide]                PROVIDE (__load_start_ewram4, LOADADDR (.ewram4))
                [!provide]                PROVIDE (__load_stop_ewram4, (LOADADDR (.ewram4) + SIZEOF (.ewram4)))

.ewram5         0x02004a50        0x0
 *(.ewram5)
                0x02004a50                . = ALIGN (0x4)
                [!provide]                PROVIDE (__load_start_ewram5, LOADADDR (.ewram5))
                [!provide]                PROVIDE (__load_stop_ewram5, (LOADADDR (.ewram5) + SIZEOF (.ewram5)))

.ewram6         0x02004a50        0x0
 *(.ewram6)
                0x02004a50                . = ALIGN (0x4)
                [!provide]                PROVIDE (__load_start_ewram6, LOADADDR (.ewram6))
                [!provide]                PROVIDE (__load_stop_ewram6, (LOADADDR (.ewram6) + SIZEOF (.ewram6)))

.ewram7         0x02004a50        0x0
 *(.ewram7)
                0x02004a50                . = ALIGN (0x4)
                [!provide]                PROVIDE (__load_start_ewram7, LOADADDR (.ewram7))
                [!provide]                PROVIDE (__load_stop_ewram7, (LOADADDR (.ewram7) + SIZEOF (.ewram7)))

.ewram8         0x02004a50        0x0
 *(.ewram8)
                0x02004a50                . = ALIGN (0x4)
                [!provide]                PROVIDE (__load_start_ewram8, LOADADDR (.ewram8))
                [!provide]                PROVIDE (__load_stop_ewram8, (LOADADDR (.ewram8) + SIZEOF (.ewram8)))

.ewram9         0x02004a50        0x0
 *(.ewram9)
                0x02004a50                . = ALIGN (0x4)
                [!provide]                PROVIDE (__load_start_ewram9, LOADADDR (.ewram9))
                [!provide]                PROVIDE (__load_stop_ewram9, (LOADADDR (.ewram9) + SIZEOF (.ewram9)))
                0x02004a50                __ewram_overlay_end = ABSOLUTE (.)
                0x02004a50                __eheap_start = __ewram_overlay_end
                0x02004a50                _end = __ewram_overlay_end
                0x02004a50                __end__ = __ewram_overlay_end
                0x02004a50                __rom_end__ = __ewram_overlay_end

.stab
 *(.stab)

.stabstr
 *(.stabstr)

.stab.excl
 *(.stab.excl)

.stab.exclstr
 *(.stab.exclstr)

.stab.index
 *(.stab.index)

.stab.indexstr
 *(.stab.indexstr)

.comment        0x00000000       0x22
 *(.comment)
 .comment       0x00000000       0x22 c:/devkitpro/devkitarm/bin/../lib/gcc/arm-none-eabi/7.1.0/thumb/crtbegin.o
                                 0x23 (size before relaxing)
 .comment       0x00000022       0x23 angulos.o
 .comment       0x00000022       0x23 c:/devkitpro/devkitarm/bin/../lib/gcc/arm-none-eabi/7.1.0/../../../../arm-none-eabi/lib/thumb\libg.a(lib_a-init.o)
 .comment       0x00000022       0x23 c:/devkitpro/devkitarm/bin/../lib/gcc/arm-none-eabi/7.1.0/../../../../arm-none-eabi/lib/thumb\libsysbase.a(malloc_vars.o)
 .comment       0x00000022       0x23 c:/devkitpro/devkitarm/bin/../lib/gcc/arm-none-eabi/7.1.0/thumb/crtend.o

.ARM.attributes
                0x00000000       0x2c
 .ARM.attributes
                0x00000000       0x20 c:/devkitpro/devkitarm/bin/../lib/gcc/arm-none-eabi/7.1.0/../../../../arm-none-eabi/lib/thumb/gba_crt0.o
 .ARM.attributes
                0x00000020       0x16 c:/devkitpro/devkitarm/bin/../lib/gcc/arm-none-eabi/7.1.0/thumb/crti.o
 .ARM.attributes
                0x00000036       0x30 c:/devkitpro/devkitarm/bin/../lib/gcc/arm-none-eabi/7.1.0/thumb/crtbegin.o
 .ARM.attributes
                0x00000066       0x2c angulos.o
 .ARM.attributes
                0x00000092       0x18 c:/devkitpro/devkitarm/bin/../lib/gcc/arm-none-eabi/7.1.0/thumb\libgcc.a(_divsi3.o)
 .ARM.attributes
                0x000000aa       0x16 c:/devkitpro/devkitarm/bin/../lib/gcc/arm-none-eabi/7.1.0/thumb\libgcc.a(_dvmd_tls.o)
 .ARM.attributes
                0x000000c0       0x18 c:/devkitpro/devkitarm/bin/../lib/gcc/arm-none-eabi/7.1.0/thumb\libgcc.a(_arm_addsubdf3.o)
 .ARM.attributes
                0x000000d8       0x18 c:/devkitpro/devkitarm/bin/../lib/gcc/arm-none-eabi/7.1.0/thumb\libgcc.a(_arm_muldivdf3.o)
 .ARM.attributes
                0x000000f0       0x18 c:/devkitpro/devkitarm/bin/../lib/gcc/arm-none-eabi/7.1.0/thumb\libgcc.a(_arm_fixdfsi.o)
 .ARM.attributes
                0x00000108       0x18 c:/devkitpro/devkitarm/bin/../lib/gcc/arm-none-eabi/7.1.0/thumb\libgcc.a(_arm_truncdfsf2.o)
 .ARM.attributes
                0x00000120       0x18 c:/devkitpro/devkitarm/bin/../lib/gcc/arm-none-eabi/7.1.0/thumb\libgcc.a(_arm_addsubsf3.o)
 .ARM.attributes
                0x00000138       0x18 c:/devkitpro/devkitarm/bin/../lib/gcc/arm-none-eabi/7.1.0/thumb\libgcc.a(_arm_muldivsf3.o)
 .ARM.attributes
                0x00000150       0x18 c:/devkitpro/devkitarm/bin/../lib/gcc/arm-none-eabi/7.1.0/thumb\libgcc.a(_arm_cmpsf2.o)
 .ARM.attributes
                0x00000168       0x18 c:/devkitpro/devkitarm/bin/../lib/gcc/arm-none-eabi/7.1.0/thumb\libgcc.a(_arm_fixsfsi.o)
 .ARM.attributes
                0x00000180       0x30 c:/devkitpro/devkitarm/bin/../lib/gcc/arm-none-eabi/7.1.0/../../../../arm-none-eabi/lib/thumb\libg.a(lib_a-init.o)
 .ARM.attributes
                0x000001b0       0x30 c:/devkitpro/devkitarm/bin/../lib/gcc/arm-none-eabi/7.1.0/../../../../arm-none-eabi/lib/thumb\libsysbase.a(malloc_vars.o)
 .ARM.attributes
                0x000001e0       0x30 c:/devkitpro/devkitarm/bin/../lib/gcc/arm-none-eabi/7.1.0/thumb/crtend.o
 .ARM.attributes
                0x00000210       0x16 c:/devkitpro/devkitarm/bin/../lib/gcc/arm-none-eabi/7.1.0/thumb/crtn.o

.debug
 *(.debug)

.line
 *(.line)

.debug_srcinfo
 *(.debug_srcinfo)

.debug_sfnames
 *(.debug_sfnames)

.debug_aranges  0x00000000       0x28
 *(.debug_aranges)
 .debug_aranges
                0x00000000       0x28 angulos.o

.debug_pubnames
 *(.debug_pubnames)

.debug_info     0x00000000      0x82b
 *(.debug_info)
 .debug_info    0x00000000      0x82b angulos.o

.debug_abbrev   0x00000000      0x217
 *(.debug_abbrev)
 .debug_abbrev  0x00000000      0x217 angulos.o

.debug_line     0x00000000      0x3a2
 *(.debug_line)
 .debug_line    0x00000000      0x3a2 angulos.o

.debug_frame    0x00000000      0x13c
 *(.debug_frame)
 .debug_frame   0x00000000      0x13c angulos.o

.debug_str      0x00000000      0x19b
 *(.debug_str)
 .debug_str     0x00000000      0x19b angulos.o
                                0x1ad (size before relaxing)

.debug_loc      0x00000000      0x5c1
 *(.debug_loc)
 .debug_loc     0x00000000      0x5c1 angulos.o

.debug_macinfo
 *(.debug_macinfo)

.debug_weaknames
 *(.debug_weaknames)

.debug_funcnames
 *(.debug_funcnames)

.debug_typenames
 *(.debug_typenames)

.debug_varnames
 *(.debug_varnames)

.stack          0x00080000        0x0
                0x00080000                _stack = .
 *(.stack)
LOAD c:/devkitpro/devkitarm/bin/../lib/gcc/arm-none-eabi/7.1.0/../../../../arm-none-eabi/lib/thumb/gba_crt0.o
LOAD c:/devkitpro/devkitarm/bin/../lib/gcc/arm-none-eabi/7.1.0/thumb/crti.o
LOAD c:/devkitpro/devkitarm/bin/../lib/gcc/arm-none-eabi/7.1.0/thumb/crtbegin.o
LOAD angulos.o
LOAD c:/devkitPro/libgba/lib\libgba.a
START GROUP
LOAD c:/devkitpro/devkitarm/bin/../lib/gcc/arm-none-eabi/7.1.0/thumb\libgcc.a
LOAD c:/devkitpro/devkitarm/bin/../lib/gcc/arm-none-eabi/7.1.0/../../../../arm-none-eabi/lib/thumb\libg.a
LOAD c:/devkitpro/devkitarm/bin/../lib/gcc/arm-none-eabi/7.1.0/../../../../arm-none-eabi/lib/thumb\libc.a
LOAD c:/devkitpro/devkitarm/bin/../lib/gcc/arm-none-eabi/7.1.0/../../../../arm-none-eabi/lib/thumb\libsysbase.a
END GROUP
LOAD c:/devkitpro/devkitarm/bin/../lib/gcc/arm-none-eabi/7.1.0/thumb/crtend.o
LOAD c:/devkitpro/devkitarm/bin/../lib/gcc/arm-none-eabi/7.1.0/thumb/crtn.o
OUTPUT(c:/GBA/angulos/angulos_mb.elf elf32-littlearm)

.debug_ranges   0x00000000      0x1f8
 .debug_ranges  0x00000000      0x1f8 angulos.o
